

Version:	3.50
CmdLine:	D:\repo\inventio\dist\Narcissus Warehouse.exe --l4j-debug
JNI:		No
WOW64:		Yes
Working dir:	D:\repo\inventio\dist\.\bin
Requires JDK:	No
Requires 64-Bit: No
Java min ver:	
Java max ver:	
Substitute:	JAVA_HOME = C:\Program Files\Java\jdk-17
Substitute:	PATH = C:\Program Files\Common Files\Oracle\Java\javapath;C:\Program Files (x86)\Common Files\Oracle\Java\javapath;C:\Python311\Scripts\;C:\Python311\;C:\Windows\system32;C:\Windows;C:\Windows\System32\Wbem;C:\Windows\System32\WindowsPowerShell\v1.0\;C:\Windows\System32\OpenSSH\;C:\Program Files (x86)\NVIDIA Corporation\PhysX\Common;C:\WINDOWS\system32;C:\WINDOWS;C:\WINDOWS\System32\Wbem;C:\WINDOWS\System32\WindowsPowerShell\v1.0\;C:\WINDOWS\System32\OpenSSH\;C:\Program Files\nodejs\;C:\ProgramData\chocolatey\bin;C:\Program Files\Git\cmd;C:\Program Files\PowerShell\7-preview\preview;C:\xampp\php;C:\Program Files\MySQL\MySQL Shell 8.0\bin\;C:\Users\HP\AppData\Local\Microsoft\WindowsApps;C:\Users\HP\AppData\Local\Programs\Microsoft VS Code\bin;C:\Users\HP\AppData\Roaming\npm;C:\Program Files\JetBrains\IntelliJ IDEA Community Edition 2023.1.2\bin;;C:\Program Files\Java\jdk-17\bin
JRE paths:	C:\Program Files\Java\jdk-17;C:\Program Files\Common Files\Oracle\Java\javapath;C:\Program Files (x86)\Common Files\Oracle\Java\javapath;C:\Python311\Scripts\;C:\Python311\;C:\Windows\system32;C:\Windows;C:\Windows\System32\Wbem;C:\Windows\System32\WindowsPowerShell\v1.0\;C:\Windows\System32\OpenSSH\;C:\Program Files (x86)\NVIDIA Corporation\PhysX\Common;C:\WINDOWS\system32;C:\WINDOWS;C:\WINDOWS\System32\Wbem;C:\WINDOWS\System32\WindowsPowerShell\v1.0\;C:\WINDOWS\System32\OpenSSH\;C:\Program Files\nodejs\;C:\ProgramData\chocolatey\bin;C:\Program Files\Git\cmd;C:\Program Files\PowerShell\7-preview\preview;C:\xampp\php;C:\Program Files\MySQL\MySQL Shell 8.0\bin\;C:\Users\HP\AppData\Local\Microsoft\WindowsApps;C:\Users\HP\AppData\Local\Programs\Microsoft VS Code\bin;C:\Users\HP\AppData\Roaming\npm;C:\Program Files\JetBrains\IntelliJ IDEA Community Edition 2023.1.2\bin;;C:\Program Files\Java\jdk-17\bin
Check launcher:	C:\Program Files\Java\jdk-17\bin\javaw.exe (OK)
Version string: 1.017.000_007 / 64-Bit (OK)
Main class:	inventio.Inventio
Add classpath:	lib\jcalendar-1.4.jar
Add classpath:	lib\jgoodies-common-1.2.0.jar
Add classpath:	lib\jgoodies-looks-2.4.1.jar
Add classpath:	lib\junit-4.6.jar
Add classpath:	lib\mysql-connector-j-8.0.33.jar
Add classpath:	lib\commons-beanutils-1.9.4.jar
Add classpath:	lib\commons-collections-3.2.1-1.0.0.jar
Add classpath:	lib\commons-digester-1.7.jar
Add classpath:	lib\jasperreports-6.5.1.jar
Add classpath:	lib\jasperreports-fonts-6.20.0.jar
Add classpath:	lib\jasperreports-javaflow-6.20.0.jar
Add classpath:	lib\org-apache-commons-logging.jar
Add classpath:	lib\swingx-all-1.6.4.jar
Add classpath:	lib\AbsoluteLayout.jar
Launcher:	C:\Program Files\Java\jdk-17\bin\javaw.exe
Launcher args:	-classpath "D:\repo\inventio\dist\Narcissus Warehouse.exe;lib\jcalendar-1.4.jar;lib\jgoodies-common-1.2.0.jar;lib\jgoodies-looks-2.4.1.jar;lib\junit-4.6.jar;lib\mysql-connector-j-8.0.33.jar;lib\commons-beanutils-1.9.4.jar;lib\commons-collections-3.2.1-1.0.0.jar;lib\commons-digester-1.7.jar;lib\jasperreports-6.5.1.jar;lib\jasperreports-fonts-6.20.0.jar;lib\jasperreports-javaflow-6.20.0.jar;lib\org-apache-commons-logging.jar;lib\swingx-all-1.6.4.jar;lib\AbsoluteLayout.jar" inventio.Inventio
Args length:	493/32768 chars
Exit code:	0
